c:\users\ttiig\source\repos\logic\libraries\001.stlcontainer\stlcontainer\x64\debug\vc143.pdb
c:\users\ttiig\source\repos\logic\libraries\001.stlcontainer\stlcontainer\x64\debug\vc143.idb
c:\users\ttiig\source\repos\logic\libraries\001.stlcontainer\stlcontainer\x64\debug\vector.obj
c:\users\ttiig\source\repos\logic\libraries\001.stlcontainer\stlcontainer\x64\debug\unordered_map.obj
c:\users\ttiig\source\repos\logic\libraries\001.stlcontainer\stlcontainer\x64\debug\std.obj
c:\users\ttiig\source\repos\logic\libraries\001.stlcontainer\stlcontainer\x64\debug\priority_queue.obj
c:\users\ttiig\source\repos\logic\libraries\001.stlcontainer\stlcontainer\x64\debug\mem.obj
c:\users\ttiig\source\repos\logic\libraries\001.stlcontainer\stlcontainer\x64\debug\main.obj
c:\users\ttiig\source\repos\logic\libraries\001.stlcontainer\stlcontainer\x64\debug\hash.obj
c:\users\ttiig\source\repos\logic\libraries\001.stlcontainer\stlcontainer\out\x64\debug\stlcontainer.dll
c:\users\ttiig\source\repos\logic\libraries\001.stlcontainer\stlcontainer\out\x64\debug\stlcontainer.pdb
c:\users\ttiig\source\repos\logic\libraries\001.stlcontainer\stlcontainer\out\x64\debug\stlcontainer.lib
c:\users\ttiig\source\repos\logic\libraries\001.stlcontainer\stlcontainer\out\x64\debug\stlcontainer.exp
c:\users\ttiig\source\repos\logic\libraries\001.stlcontainer\stlcontainer\x64\debug\stlcontainer.ilk
c:\users\ttiig\source\repos\logic\libraries\001.stlcontainer\stlcontainer\x64\debug\stlcontainer.tlog\cl.command.1.tlog
c:\users\ttiig\source\repos\logic\libraries\001.stlcontainer\stlcontainer\x64\debug\stlcontainer.tlog\cl.items.tlog
c:\users\ttiig\source\repos\logic\libraries\001.stlcontainer\stlcontainer\x64\debug\stlcontainer.tlog\cl.read.1.tlog
c:\users\ttiig\source\repos\logic\libraries\001.stlcontainer\stlcontainer\x64\debug\stlcontainer.tlog\cl.write.1.tlog
c:\users\ttiig\source\repos\logic\libraries\001.stlcontainer\stlcontainer\x64\debug\stlcontainer.tlog\link.command.1.tlog
c:\users\ttiig\source\repos\logic\libraries\001.stlcontainer\stlcontainer\x64\debug\stlcontainer.tlog\link.read.1.tlog
c:\users\ttiig\source\repos\logic\libraries\001.stlcontainer\stlcontainer\x64\debug\stlcontainer.tlog\link.secondary.1.tlog
c:\users\ttiig\source\repos\logic\libraries\001.stlcontainer\stlcontainer\x64\debug\stlcontainer.tlog\link.write.1.tlog
