  main.cpp
C:\Users\ttiig\source\repos\LOGIC\Libraries\001.STLContainer\StlContainer\public\HashTable.h(307,20): warning C4018: '<': signed/unsigned mismatch
  (compiling source file 'private/main.cpp')
      C:\Users\ttiig\source\repos\LOGIC\Libraries\001.STLContainer\StlContainer\public\HashTable.h(307,20):
      the template instantiation context (the oldest one first) is
          C:\Users\ttiig\source\repos\LOGIC\Libraries\001.STLContainer\StlContainer\private\main.cpp(361,21):
          see reference to class template instantiation 'Unordered_set<int,std::hash<Key>>' being compiled
          with
          [
              Key=int
          ]
          C:\Users\ttiig\source\repos\LOGIC\Libraries\001.STLContainer\StlContainer\public\Unordered_set.h(22,1):
          see reference to class template instantiation 'HashTable<Key,Key,Hash,JustReturnKey<Key>>' being compiled
          with
          [
              Key=int,
              Hash=std::hash<int>
          ]
          C:\Users\ttiig\source\repos\LOGIC\Libraries\001.STLContainer\StlContainer\public\HashTable.h(298,1):
          while compiling class template member function 'void HashTable<Key,Key,Hash,JustReturnKey<Key>>::clear(void)'
          with
          [
              Key=int,
              Hash=std::hash<int>
          ]
              C:\Users\ttiig\source\repos\LOGIC\Libraries\001.STLContainer\StlContainer\public\Unordered_set.h(39,29):
              see the first reference to 'HashTable<Key,Key,Hash,JustReturnKey<Key>>::clear' in 'Unordered_set<int,std::hash<Key>>::clear'
          with
          [
              Key=int,
              Hash=std::hash<int>
          ]
          and
          [
              Key=int
          ]
              C:\Users\ttiig\source\repos\LOGIC\Libraries\001.STLContainer\StlContainer\private\main.cpp(501,12):
              see the first reference to 'Unordered_set<int,std::hash<Key>>::clear' in 'main'
          with
          [
              Key=int
          ]
  
  StlContainer.vcxproj -> C:\Users\ttiig\source\repos\LOGIC\Libraries\001.STLContainer\StlContainer\out\x64\Debug\StlContainer.exe
