c:\users\ttiig\source\repos\logic\algorithm\algorithm\x64\debug\vc143.pdb
c:\users\ttiig\source\repos\logic\algorithm\algorithm\x64\debug\vc143.idb
c:\users\ttiig\source\repos\logic\algorithm\algorithm\x64\debug\3.2.trie.obj
c:\users\ttiig\source\repos\logic\algorithm\algorithm\x64\debug\search.obj
c:\users\ttiig\source\repos\logic\algorithm\algorithm\x64\debug\main.obj
c:\users\ttiig\source\repos\logic\algorithm\algorithm\x64\debug\algorithm.pch
c:\users\ttiig\source\repos\logic\algorithm\algorithm\x64\debug\pch.obj
c:\users\ttiig\source\repos\logic\algorithm\algorithm\x64\debug\3.1.stringmatch.obj
c:\users\ttiig\source\repos\logic\algorithm\algorithm\x64\debug\sort.obj
c:\users\ttiig\source\repos\logic\algorithm\algorithm\x64\debug\fixedarray.obj
c:\users\ttiig\source\repos\logic\algorithm\algorithm\x64\debug\array.obj
c:\users\ttiig\source\repos\logic\algorithm\algorithm\out\x64\debug\algorithm.exe
c:\users\ttiig\source\repos\logic\algorithm\algorithm\out\x64\debug\algorithm.pdb
c:\users\ttiig\source\repos\logic\algorithm\algorithm\out\x64\debug\algorithm.lib
c:\users\ttiig\source\repos\logic\algorithm\algorithm\out\x64\debug\algorithm.exp
c:\users\ttiig\source\repos\logic\algorithm\algorithm\x64\debug\algorithm.ilk
c:\users\ttiig\source\repos\logic\algorithm\algorithm\\out\x64\debug\algorithm.pdb
c:\users\ttiig\source\repos\logic\algorithm\algorithm\x64\debug\algorithm.tlog\cl.command.1.tlog
c:\users\ttiig\source\repos\logic\algorithm\algorithm\x64\debug\algorithm.tlog\cl.items.tlog
c:\users\ttiig\source\repos\logic\algorithm\algorithm\x64\debug\algorithm.tlog\cl.read.1.tlog
c:\users\ttiig\source\repos\logic\algorithm\algorithm\x64\debug\algorithm.tlog\cl.write.1.tlog
c:\users\ttiig\source\repos\logic\algorithm\algorithm\x64\debug\algorithm.tlog\link.command.1.tlog
c:\users\ttiig\source\repos\logic\algorithm\algorithm\x64\debug\algorithm.tlog\link.read.1.tlog
c:\users\ttiig\source\repos\logic\algorithm\algorithm\x64\debug\algorithm.tlog\link.secondary.1.tlog
c:\users\ttiig\source\repos\logic\algorithm\algorithm\x64\debug\algorithm.tlog\link.write.1.tlog
